Address          Size             Align Out     In      Symbol
0000000000200270 000000000000001c     1 .interp
0000000000200270 000000000000001c     1         <internal>:(.interp)
000000000020028c 0000000000000020     4 .note.ABI-tag
000000000020028c 0000000000000020     4         /usr/lib/gcc/x86_64-linux-gnu/5.4.0/../../../x86_64-linux-gnu/crt1.o:(.note.ABI-tag)
00000000002002ac 0000000000000015     4 .rodata
00000000002002ac 0000000000000004     4         <internal>:(.rodata)
00000000002002b0 0000000000000011     1         <internal>:(.rodata)
00000000002002c8 00000000000000a8     8 .dynsym
00000000002002c8 00000000000000a8     8         <internal>:(.dynsym)
0000000000200370 000000000000000e     2 .gnu.version
0000000000200370 000000000000000e     2         <internal>:(.gnu.version)
0000000000200380 0000000000000020     4 .gnu.version_r
0000000000200380 0000000000000020     4         <internal>:(.gnu.version_r)
00000000002003a0 0000000000000024     8 .gnu.hash
00000000002003a0 0000000000000024     8         <internal>:(.gnu.hash)
00000000002003c4 0000000000000097     1 .dynstr
00000000002003c4 0000000000000097     1         <internal>:(.dynstr)
0000000000200460 0000000000000018     8 .rela.dyn
0000000000200460 0000000000000018     8         <internal>:(.rela.dyn)
0000000000200478 0000000000000048     8 .rela.plt
0000000000200478 0000000000000048     8         <internal>:(.rela.plt)
00000000002004c0 000000000000002c     1 .eh_frame_hdr
00000000002004c0 000000000000002c     1         <internal>:(.eh_frame_hdr)
00000000002004f0 00000000000000c8     8 .eh_frame
00000000002004f0 00000000000000c8     8         <internal>:(.eh_frame)
0000000000201000 00000000000001b2    16 .text
0000000000201000 000000000000002a    16         /usr/lib/gcc/x86_64-linux-gnu/5.4.0/../../../x86_64-linux-gnu/crt1.o:(.text)
0000000000201000 000000000000002a     0                 _start
000000000020102a 0000000000000000     1         /usr/lib/gcc/x86_64-linux-gnu/5.4.0/../../../x86_64-linux-gnu/crti.o:(.text)
0000000000201030 00000000000000c6    16         /usr/lib/gcc/x86_64-linux-gnu/5.4.0/crtbegin.o:(.text)
0000000000201030 0000000000000000     0                 deregister_tm_clones
0000000000201070 0000000000000000     0                 register_tm_clones
00000000002010b0 0000000000000000     0                 __do_global_dtors_aux
00000000002010d0 0000000000000000     0                 frame_dummy
00000000002010f6 0000000000000000     1         /usr/lib/gcc/x86_64-linux-gnu/5.4.0/crtbegin.o:(.text.unlikely)
0000000000201100 000000000000003a    16         /tmp/main-3ec8bf.o:(.text)
0000000000201100 000000000000003a     0                 main
0000000000201140 0000000000000072    16         /usr/lib/x86_64-linux-gnu/libc_nonshared.a(elf-init.oS):(.text)
0000000000201140 0000000000000065     0                 __libc_csu_init
00000000002011b0 0000000000000002     0                 __libc_csu_fini
00000000002011b2 0000000000000000     1         /usr/lib/x86_64-linux-gnu/libc_nonshared.a(elf-init.oS):(.text.unlikely)
00000000002011b2 0000000000000000     1         /usr/lib/gcc/x86_64-linux-gnu/5.4.0/crtend.o:(.text)
00000000002011b2 0000000000000000     1         /usr/lib/gcc/x86_64-linux-gnu/5.4.0/../../../x86_64-linux-gnu/crtn.o:(.text)
00000000002011b4 000000000000001a     4 .init
00000000002011b4 0000000000000015     4         /usr/lib/gcc/x86_64-linux-gnu/5.4.0/../../../x86_64-linux-gnu/crti.o:(.init)
00000000002011b4 0000000000000000     0                 _init
00000000002011c9 0000000000000005     1         /usr/lib/gcc/x86_64-linux-gnu/5.4.0/../../../x86_64-linux-gnu/crtn.o:(.init)
00000000002011d0 0000000000000009     4 .fini
00000000002011d0 0000000000000004     4         /usr/lib/gcc/x86_64-linux-gnu/5.4.0/../../../x86_64-linux-gnu/crti.o:(.fini)
00000000002011d0 0000000000000000     0                 _fini
00000000002011d4 0000000000000005     1         /usr/lib/gcc/x86_64-linux-gnu/5.4.0/../../../x86_64-linux-gnu/crtn.o:(.fini)
00000000002011e0 0000000000000040    16 .plt
00000000002011e0 0000000000000040    16         <internal>:(.plt)
00000000002011f0 00000000000001ca     0                 __libc_start_main
0000000000201210 00000000000000a1     0                 printf
0000000000202000 0000000000000010     8 .data
0000000000202000 0000000000000004     1         /usr/lib/gcc/x86_64-linux-gnu/5.4.0/../../../x86_64-linux-gnu/crt1.o:(.data)
0000000000202000 0000000000000000     0                 data_start
0000000000202000 0000000000000000     0                 __data_start
0000000000202004 0000000000000000     1         /usr/lib/gcc/x86_64-linux-gnu/5.4.0/../../../x86_64-linux-gnu/crti.o:(.data)
0000000000202008 0000000000000008     8         /usr/lib/gcc/x86_64-linux-gnu/5.4.0/crtbegin.o:(.data)
0000000000202008 0000000000000000     0                 __dso_handle
0000000000202010 0000000000000000     1         /usr/lib/x86_64-linux-gnu/libc_nonshared.a(elf-init.oS):(.data)
0000000000202010 0000000000000000     1         /usr/lib/gcc/x86_64-linux-gnu/5.4.0/crtend.o:(.data)
0000000000202010 0000000000000000     1         /usr/lib/gcc/x86_64-linux-gnu/5.4.0/../../../x86_64-linux-gnu/crtn.o:(.data)
0000000000202010 0000000000000000     8 .tm_clone_table
0000000000202010 0000000000000000     8         /usr/lib/gcc/x86_64-linux-gnu/5.4.0/crtbegin.o:(.tm_clone_table)
0000000000202010 0000000000000000     0                 __TMC_LIST__
0000000000202010 0000000000000000     8         /usr/lib/gcc/x86_64-linux-gnu/5.4.0/crtend.o:(.tm_clone_table)
0000000000202010 0000000000000000     0                 __TMC_END__
0000000000202010 0000000000000030     8 .got.plt
0000000000202010 0000000000000030     8         <internal>:(.got.plt)
0000000000203000 0000000000000008     8 .jcr
0000000000203000 0000000000000000     8         /usr/lib/gcc/x86_64-linux-gnu/5.4.0/crtbegin.o:(.jcr)
0000000000203000 0000000000000000     0                 __JCR_LIST__
0000000000203000 0000000000000008     8         /usr/lib/gcc/x86_64-linux-gnu/5.4.0/crtend.o:(.jcr)
0000000000203000 0000000000000000     0                 __JCR_END__
0000000000203008 0000000000000008     8 .fini_array
0000000000203008 0000000000000008     8         /usr/lib/gcc/x86_64-linux-gnu/5.4.0/crtbegin.o:(.fini_array)
0000000000203008 0000000000000000     0                 __do_global_dtors_aux_fini_array_entry
0000000000203010 0000000000000008     8 .init_array
0000000000203010 0000000000000008     8         /usr/lib/gcc/x86_64-linux-gnu/5.4.0/crtbegin.o:(.init_array)
0000000000203010 0000000000000000     0                 __frame_dummy_init_array_entry
0000000000203018 0000000000000190     8 .dynamic
0000000000203018 0000000000000190     8         <internal>:(.dynamic)
00000000002031a8 0000000000000008     8 .got
00000000002031a8 0000000000000008     8         <internal>:(.got)
0000000000204000 0000000000000001     1 .bss
0000000000204000 0000000000000000     1         /usr/lib/gcc/x86_64-linux-gnu/5.4.0/../../../x86_64-linux-gnu/crt1.o:(.bss)
0000000000204000 0000000000000000     1         /usr/lib/gcc/x86_64-linux-gnu/5.4.0/../../../x86_64-linux-gnu/crti.o:(.bss)
0000000000204000 0000000000000001     1         /usr/lib/gcc/x86_64-linux-gnu/5.4.0/crtbegin.o:(.bss)
0000000000204000 0000000000000001     0                 completed.7594
0000000000204001 0000000000000000     1         /usr/lib/x86_64-linux-gnu/libc_nonshared.a(elf-init.oS):(.bss)
0000000000204001 0000000000000000     1         /usr/lib/gcc/x86_64-linux-gnu/5.4.0/crtend.o:(.bss)
0000000000204001 0000000000000000     1         /usr/lib/gcc/x86_64-linux-gnu/5.4.0/../../../x86_64-linux-gnu/crtn.o:(.bss)
0000000000000000 0000000000000133     1 .comment
0000000000000000 0000000000000133     1         <internal>:(.comment)
0000000000000000 0000000000000318     8 .symtab
0000000000000000 0000000000000318     8         <internal>:(.symtab)
0000000000000000 000000000000010a     1 .shstrtab
0000000000000000 000000000000010a     1         <internal>:(.shstrtab)
0000000000000000 0000000000000201     1 .strtab
0000000000000000 0000000000000201     1         <internal>:(.strtab)
